--- autogen-subclasses-alias ---
Opus::Mixin
 Opus::Mixed
 Opus::MixedDescendant
